<html>
<body>
<pre>
<h1>µVision Build Log</h1>
<h2>Tool Versions:</h2>
IDE-Version: ¦ÌVision V5.38.0.0
Copyright (C) 2022 ARM Ltd and ARM Germany GmbH. All rights reserved.
License Information: sad. Administrator, ad, LIC=32B1Q-NA0UM-12YLE-5DSMR-RS74S-3KYY3
 
Tool Versions:
Toolchain:       MDK-ARM Plus  Version: 5.38.0.0
Toolchain Path:  C:\Keil_v5\ARM\ARMCC\Bin
C Compiler:      Armcc.exe V5.06 update 7 (build 960)
Assembler:       Armasm.exe V5.06 update 7 (build 960)
Linker/Locator:  ArmLink.exe V5.06 update 7 (build 960)
Library Manager: ArmAr.exe V5.06 update 7 (build 960)
Hex Converter:   FromElf.exe V5.06 update 7 (build 960)
CPU DLL:         SARMCM3.DLL V5.38.0.0
Dialog DLL:      DCM.DLL V1.17.5.0
Target DLL:      STLink\ST-LINKIII-KEIL_SWO.dll V3.1.0.0
Dialog DLL:      TCM.DLL V1.56.4.0
 
<h2>Project:</h2>
C:\Users\Administrator\Desktop\MYWatch\MyWatch_RTOS\MDK-ARM\MyWatch_RTOS.uvprojx
Project File Date:  04/08/2023

<h2>Output:</h2>
*** Using Compiler 'V5.06 update 7 (build 960)', folder: 'C:\Keil_v5\ARM\ARMCC\Bin'
Rebuild target 'MyWatch_RTOS'
assembling startup_stm32f103xb.s...
compiling tim.c...
compiling stm32f1xx_hal_timebase_tim.c...
compiling stm32f1xx_hal_msp.c...
compiling stm32f1xx_it.c...
compiling stm32f1xx_hal_gpio_ex.c...
compiling gpio.c...
compiling i2c.c...
compiling stm32f1xx_hal.c...
compiling freertos.c...
compiling main.c...
compiling stm32f1xx_hal_rcc.c...
compiling stm32f1xx_hal_pwr.c...
compiling stm32f1xx_hal_flash.c...
compiling stm32f1xx_hal_rcc_ex.c...
compiling stm32f1xx_hal_cortex.c...
compiling croutine.c...
compiling stm32f1xx_hal_exti.c...
compiling stm32f1xx_hal_flash_ex.c...
compiling stm32f1xx_hal_gpio.c...
compiling stm32f1xx_hal_dma.c...
compiling event_groups.c...
compiling list.c...
compiling timers.c...
compiling stm32f1xx_hal_tim_ex.c...
compiling stream_buffer.c...
compiling heap_4.c...
compiling queue.c...
compiling port.c...
compiling MenuFont.c...
compiling tasks.c...
compiling cmsis_os.c...
compiling cartoonFont.c...
compiling Game_Font.c...
compiling cartoon.c...
compiling stm32f1xx_hal_tim.c...
compiling stm32f1xx_hal_i2c.c...
compiling system_stm32f1xx.c...
compiling font.c...
compiling AnalogI2C.c...
compiling oled.c...
compiling DS3231.c...
compiling mpu6050.c...
compiling LED.c...
compiling root.c...
compiling key.c...
compiling changeTime.c...
compiling Display.c...
compiling Timing.c...
compiling Alarm.c...
compiling menu.c...
compiling Game_Elem.c...
compiling Task.c...
linking...
Program Size: Code=26684 RO-data=23668 RW-data=1640 ZI-data=9736  
FromELF: creating hex file...
"MyWatch_RTOS\MyWatch_RTOS.axf" - 0 Error(s), 0 Warning(s).

<h2>Software Packages used:</h2>

Package Vendor: ARM
                http://www.keil.com/pack/ARM.CMSIS.5.9.0.pack
                ARM.CMSIS.5.9.0
                CMSIS (Common Microcontroller Software Interface Standard)
   * Component: CORE Version: 5.6.0

Package Vendor: Keil
                http://www.keil.com/pack/Keil.STM32F1xx_DFP.2.4.0.pack
                Keil.STM32F1xx_DFP.2.4.0
                STMicroelectronics STM32F1 Series Device Support, Drivers and Examples

<h2>Collection of Component include folders:</h2>
  ./RTE/_MyWatch_RTOS
  C:/Users/Administrator/AppData/Local/Arm/Packs/ARM/CMSIS/5.9.0/CMSIS/Core/Include
  C:/Users/Administrator/AppData/Local/Arm/Packs/Keil/STM32F1xx_DFP/2.4.0/Device/Include

<h2>Collection of Component Files used:</h2>

   * Component: ARM::CMSIS:CORE:5.6.0
      Include file:  CMSIS/Core/Include/tz_context.h
Build Time Elapsed:  00:00:06
</pre>
</body>
</html>
